// Jest Snapshot v1, https://goo.gl/fbAQLP

exports[`renders app 1`] = `
<div>
  <div
    class="MuiGrid-root MuiGrid-container MuiGrid-spacing-xs-6 css-honmcm-MuiGrid-root"
  />
</div>
`;
